
[1m[46m RUN [49m[22m [36mv4.0.9 [39m[90m/home/markimus/projects/ptl-lova[39m

 [31m❯[39m src/components/scheduling/DragAndDropContext.test.tsx [2m([22m[2m1 test[22m[2m | [22m[31m1 failed[39m[2m)[22m[32m 18[2mms[22m[39m
[31m     [31m×[31m updates the pump when an unscheduled card is dropped on a date[39m[32m 17[2mms[22m[39m

[31m⎯⎯⎯⎯⎯⎯⎯[39m[1m[41m Failed Tests 1 [49m[22m[31m⎯⎯⎯⎯⎯⎯⎯[39m

[41m[1m FAIL [22m[49m src/components/scheduling/DragAndDropContext.test.tsx[2m > [22mDragAndDropContext[2m > [22mupdates the pump when an unscheduled card is dropped on a date
[31m[1mError[22m: [vitest] No "useSensors" export is defined on the "@dnd-kit/core" mock. Did you forget to return it from "vi.mock"?
If you need to partially mock a module, you can use "importOriginal" helper inside:
[39m
vi.mock(import("@dnd-kit/core"), async (importOriginal) => {
  const actual = await importOriginal()
  return {
    ...actual,
    // your mocked methods
  }
})

[36m [2m❯[22m DragAndDropContext src/components/scheduling/DragAndDropContext.tsx:[2m19:19[22m[39m
    [90m 17| [39mexport function DragAndDropContext({ children, pumps }: DragAndDropCon…
    [90m 18| [39m  // Require 5px movement before drag starts to prevent accidental dra…
    [90m 19| [39m  [35mconst[39m sensors [33m=[39m [34museSensors[39m(
    [90m   | [39m                  [31m^[39m
    [90m 20| [39m    [34museSensor[39m([33mPointerSensor[39m[33m,[39m {
    [90m 21| [39m      activationConstraint[33m:[39m {
[90m [2m❯[22m Object.react_stack_bottom_frame node_modules/.pnpm/react-dom@19.2.0_react@19.2.0/node_modules/react-dom/cjs/react-dom-client.development.js:[2m25904:20[22m[39m
[90m [2m❯[22m renderWithHooks node_modules/.pnpm/react-dom@19.2.0_react@19.2.0/node_modules/react-dom/cjs/react-dom-client.development.js:[2m7662:22[22m[39m
[90m [2m❯[22m updateFunctionComponent node_modules/.pnpm/react-dom@19.2.0_react@19.2.0/node_modules/react-dom/cjs/react-dom-client.development.js:[2m10166:19[22m[39m
[90m [2m❯[22m beginWork node_modules/.pnpm/react-dom@19.2.0_react@19.2.0/node_modules/react-dom/cjs/react-dom-client.development.js:[2m11778:18[22m[39m
[90m [2m❯[22m runWithFiberInDEV node_modules/.pnpm/react-dom@19.2.0_react@19.2.0/node_modules/react-dom/cjs/react-dom-client.development.js:[2m874:13[22m[39m
[90m [2m❯[22m performUnitOfWork node_modules/.pnpm/react-dom@19.2.0_react@19.2.0/node_modules/react-dom/cjs/react-dom-client.development.js:[2m17641:22[22m[39m
[90m [2m❯[22m workLoopSync node_modules/.pnpm/react-dom@19.2.0_react@19.2.0/node_modules/react-dom/cjs/react-dom-client.development.js:[2m17469:41[22m[39m

[31m[2m⎯⎯⎯⎯⎯⎯⎯⎯⎯⎯⎯⎯⎯⎯⎯⎯⎯⎯⎯⎯⎯⎯⎯⎯[1/1]⎯[22m[39m


[2m Test Files [22m [1m[31m1 failed[39m[22m[90m (1)[39m
[2m      Tests [22m [1m[31m1 failed[39m[22m[90m (1)[39m
[2m   Start at [22m 20:05:47
[2m   Duration [22m 1.74s[2m (transform 237ms, setup 0ms, collect 755ms, tests 18ms, environment 680ms, prepare 6ms)[22m

